[2026-04-24] 冷启动：首次接入 olap-sql 到 long-haul skill，读取 README、spec、git log，建立项目记忆。项目状态：Phase 2 文档建设中，Getting Started/Examples/Architecture 已完成，CONTRIBUTING.md 仍为 stub，API 文档缺失。
[2026-04-24] 立意完成：确定本次目标为 Phase 2 收尾 — 完善 CONTRIBUTING.md + 新增 docs/api.md，均通过 PR 合入 main。
[2026-04-24] 推进完成：创建 docs/api.md（API 完整参考文档，含 Manager/Query/Filter/Result 所有公共 API）；扩展 CONTRIBUTING.md（从 stub 变为完整贡献指南）；README.md 文档表格新增 API Reference 链接；通过 PR #23 合入 main（squash merge，commit fa3bd9d）。[done-for-now]
[2026-04-26] 立意完成（Phase 3 第一步）：确定本次目标为提升主包测试覆盖率至 80%+，策略为为零覆盖函数补测（不修改生产代码）。
[2026-04-26] 推进完成：新增 coverage_boost_test.go（156行），覆盖 Clients.SetLogger/BuildSQL、Manager.SetLogger/BuildSQL、NewTranslator(direct-SQL)、FileAdapter.GetMetricsBySource/GetDimensionsBySource、DBOption.NewDB 错误路径；主包覆盖率 79.1% → 82.8%；PR #24 已提交 feature/phase3-coverage-boost 分支。[done-for-now]
[2026-04-28] 推进完成：处理 PR #24 代码审查意见 — 移除 TestClients_BuildSQL 中的死代码 MockLoad(m)，加注 DryRun 说明；TestNewTranslator_DirectSQL 变量改名为 clause，补充 *types.SqlClause 类型断言和 Sql=="SELECT 1" 等值断言；commit 56d672f 已推送，PR 评论已发。所有测试通过，覆盖率保持 82.8%。[done-for-now]
[2026-04-28] 回看完成：扫描依赖升级信息（gorm v1.23.10→v1.31.1、clickhouse-go/v2 v2.3.0→v2.45.0 等），更新 intent.md（Phase 3 第二步方向）和 reflect.md（依赖升级分 3 轮策略）。[done-for-now]
[2026-04-30] 推进完成（Phase 3 第二步 — 依赖全面升级）：确认 PR #24 已合入 main。新建分支 feature/phase3-deps-upgrade-round1，一次性完成 Round1+Round2+Round3 升级：BurntSushi/toml v1.2.1→v1.6.0、stretchr/testify v1.8.4→v1.11.1、gorm v1.23.10→v1.31.1、所有 gorm drivers v1.3.6→v1.6.0、clickhouse-go/v2 v2.3.0→v2.45.0、ch-go v0.48.0→v0.71.0、otel v1.10.0→v1.41.0 等。全量测试通过，PR #25 已提交（https://github.com/AWaterColorPen/olap-sql/pull/25）。[done-for-now]
[2026-05-02] 回看完成：PR #25（依赖升级）仍 open，无审查意见，等待仓库 owner。判断可独立推进子包覆盖率提升，不依赖 PR #25 合入。
[2026-05-02] 推进完成（Phase 3 第三步 — 子包覆盖率提升）：新建分支 feature/phase3-subpkg-coverage，新增 5 个测试文件（api/models/schema_test.go、api/types/filter_test.go、api/types/column_test.go、api/types/order_test.go、api/types/types_test.go），覆盖率：api/models 0%→94.6%，api/types 0%→60.3%，主包保持 82.8%。PR #26 已提交（https://github.com/AWaterColorPen/olap-sql/pull/26）。[done-for-now]
[2026-05-04] 回看完成（PR 等待期阶段性回看）：PR #25 和 PR #26 仍为 open，CI 通过（build: success），均可直接合入（mergeable=true），无审查意见，纯等待 owner。新发现：Issue #14 报告 gopkg.in/yaml.v2@v2.2.2 CVE-2019-11254 漏洞，经排查 PR #25 的 testify 升级至 v1.11.1 后 yaml.v2 完全从依赖树消失，PR #25 间接修复了此漏洞。更新 reflect.md：说明 PR #25 安全修复价值、PR 等待期策略及下次唤醒建议。[done-for-now]
[2026-06-06] 维护唤醒：long-haul 状态文件从旧格式迁移（新增 lifecycle.yml / checkpoint.json / cadence.yml / readiness.yml），生命周期设为 active，节奏设为 weekly。检查 GitHub 状态：PR #25 与 PR #26 均已合入 main，Phase 3 全部完成。尝试通过 API 关闭 Issue #14 失败（token 无 issues:write 权限，403）。已归档用户方向确认 inbox，将在执行报告中提示用户手动关闭 Issue #14。[done-for-now]
[2026-06-07] 维护检查（weekly）：GitHub 状态扫描 — 0 open PR，1 open issue（#14，yaml.v2 CVE 已修复），main 最新 commit 9854407（24 天前）。本地 go.sum 确认 yaml.v2 已移除。无需代码改动。更新 reflect.md、checkpoint、cadence、readiness。下次检查约 2026-06-13。[done-for-now]
[2026-06-08] 维护检查（weekly）：GitHub 状态扫描 — 0 open PR，1 open issue（#14 仍 open），main 最新 commit 9854407（25 天前）。go.mod/go.sum 确认 yaml.v2 已完全移除，仅剩 yaml.v3。依赖健康，无新 CVE。尝试关闭 Issue #14 仍失败（token 403）。无需代码改动。更新 reflect.md、checkpoint、cadence、readiness。下次检查约 2026-06-15。[done-for-now]
[2026-06-12] 维护检查（weekly）：GitHub 状态扫描 — 0 open PR，1 open issue（#14 仍 open），main 最新 commit 9854407（29 天前）。go.mod/go.sum 确认 yaml.v2 已完全移除，仅剩 yaml.v3。依赖健康，无新 CVE。token 仍无 issues:write 权限。无需代码改动。更新 reflect.md、checkpoint、cadence、readiness。下次检查约 2026-06-19。[done-for-now]
[2026-06-13] 用户主动触发维护检查：GitHub 状态扫描 — 0 open PR，1 open issue（#14 仍 open），main 最新 commit 9854407（30 天前）。go.sum 确认 yaml.v2 已完全移除。无本地 Go 运行时，无法执行 go test / go list -m -u。尝试关闭 Issue #14 仍因 token 403 失败。无需代码改动。更新 reflect.md、checkpoint、cadence。保持 weekly cadence，下次检查约 2026-06-19。[done-for-now]
[2026-06-13 白天] 用户主动触发 weekly 维护检查（08:50 CST）：GitHub 状态扫描 — 0 open PR，1 open issue（#14 仍 open），main 最新 commit 9854407（30 天前）。go.sum 确认 yaml.v2 已完全移除，仅剩 yaml.v3。本地无 Go 运行时，无法执行 go list -m -u。尝试关闭 Issue #14 仍因 token 403 失败。无需代码改动，符合“白天推进、不要太快”偏好。更新 reflect.md、checkpoint.json、cadence.yml、readiness.yml、progress.log。保持 weekly cadence，下次检查约 2026-06-19。[done-for-now]
[2026-06-19] weekly 维护检查（推进形态）：N1=governance+housekeeping，N2=1，N3=0，exec=1。GitHub 扫描 — 0 open PR，1 open issue（#14 仍 open）；go.sum 确认 yaml.v2 已完全移除；尝试关闭 Issue #14 仍因 token 403 失败；新建 backlog.md（gh#14 入 P0）、prs.jsonl（open=0）；更新 reflect.md、checkpoint.json、cadence.yml、readiness.yml。无代码改动，符合“白天推进、不要太快”偏好。下次检查约 2026-06-26。[done-for-now]
[2026-06-19] git-status: working tree dirty（.long-haul/ 状态文件未提交），本次维护不提交，留待下次推进或用户决定。
[2026-06-20] 用户主动触发维护检查（reflect 形态）：GitHub 扫描 — 0 open PR，1 open issue（#14 仍 open），main 最新 commit 9854407（37 天前）。go.sum 确认 yaml.v2 已完全移除，仅剩 yaml.v3。本地无 Go 运行时，无法执行 go list -m -u。尝试关闭 Issue #14 仍因 token 403 失败。无需代码改动，符合“白天推进、不要太快”偏好。更新 reflect.md、checkpoint.json、cadence.yml、readiness.yml、progress.log。距上次 weekly 检查仅 1 天，属额外检查，结论与 2026-06-19 一致。下次检查约 2026-06-26。[done-for-now]
[2026-06-21] 用户主动触发维护检查（reflect 形态）：GitHub API 扫描 — 0 open PR，1 open issue（#14 仍 open），main 最新 commit 9854407（38 天前）。go.sum 确认 yaml.v2 已完全移除，仅剩 yaml.v3。本地无 Go 运行时，无法执行 go list -m -u。尝试关闭 Issue #14 仍因 token 403（Resource not accessible by personal access token）。无需代码改动，符合"白天推进、不要太快"偏好。更新 reflect.md、checkpoint.json、cadence.yml、readiness.yml、progress.log。距上次 weekly 检查 2 天，属额外检查，结论与 2026-06-19 一致。下次检查约 2026-06-26。[done-for-now]

[2026-06-22T23:32:00+08:00] intent - 全面刷新立意
  形态: 立意（Intent）—— 用户主动触发全面刷新
  触发: 用户直接指令；用户已承诺手动关闭 Issue #14
  核心工作: ①依赖全面升级（Go 1.24.1→最新 + 全量依赖扫描）→ ②SDD从零建设（5篇核心模块）→ ③文档同步（全量审查）
  前提: Issue #14 用户手动关闭（不阻塞其他项，仅作形式前提）
  关键发现: docs/sdd/ 目录不存在，SDD 完全空白；go-sql-driver/mysql v1.8.1 标志性落后
  下一步: 等待用户关闭 Issue #14，进入推进形态

[2026-06-23T22:39:00+08:00] progress - 全面刷新第一步（SDD 索引）
  形态: 推进（Progress）
  GitHub 扫描: 0 open PR，1 open issue（#14 仍 open），main 最新 commit 9854407（40 天前）。
  分支状态: feature/refresh-deps 已存在并推送，当前包含 Go directive 1.24.1→1.26.4 更新 + SDD README。
  本次推进: 创建 docs/sdd/README.md 索引文件，定义 5 篇核心 SDD 文档范围、阅读顺序与设计原则；提交并推送至 feature/refresh-deps（commit 3c98258）。
  限制: 本地无 Go 运行时，无法执行 go list -m -u / go test；Issue #14 仍因 token 无 issues:write 权限无法自动关闭。
  下一步: 白天继续推进——建议从 adapter-pattern.md 开始逐篇完成 SDD，或等待本地 Go 运行时可用后扫描并升级直接依赖。
  [done-for-now]

[2026-06-28] 维护推进（progress）：完成 SDD 系列第一篇 docs/sdd/adapter-pattern.md。内容覆盖 IAdapter 接口、FileAdapter 实现、AdapterOption 配置模型、BuildDataSourceAdapter 子适配器机制、加载即校验逻辑，以及与 Dictionary/Manager 的协作关系；包含 Mermaid 流程图。同步更新 docs/sdd/README.md 待办状态。GitHub 状态：0 open PR，Issue #14 仍 open（token 无 issues:write 权限）。本地仍无 Go 运行时，依赖升级继续搁置。下一步：继续完成第二篇 SDD（建议 schema-mapping.md）或等待 Go 运行时后处理依赖升级。[done-for-now]

[2026-07-15] 用户主动触发维护检查（reflect 形态）：距上次有意义运行 17 天，should-wake-up.sh 返回 WAKE_UP_FOR_REFLECT。GitHub 扫描 — 0 open PR，1 open issue（#14），main 最新 commit 9854407（62 天前）。本地复核：go.mod 已升级至 go 1.26.4 / toolchain go1.26.4；直接依赖尚未扫描升级；go.sum 无 yaml.v2；SDD 完成 README + adapter-pattern，剩余 4 篇；readiness.yml 滞后（仍记 1.24.1）。更新 reflect.md、checkpoint.json、cadence.yml、readiness.yml、progress.log。下一步建议：更新 readiness.yml 并提交，或继续 schema-mapping.md；用户仍需手动关闭 Issue #14；获取 Go 运行后扫描直接依赖。[done-for-now]
